// Jest Snapshot v1, https://goo.gl/fbAQLP

exports[`<Pagination /> should render a pagination for 12 items 1`] = `
.c0 {
  text-align: center;
  display: inline-grid;
  grid-template-columns: repeat(4,auto);
  -webkit-align-items: stretch;
  -webkit-box-align: stretch;
  -ms-flex-align: stretch;
  align-items: stretch;
  -webkit-box-pack: center;
  -webkit-justify-content: center;
  -ms-flex-pack: center;
  justify-content: center;
  -webkit-align-content: center;
  -ms-flex-line-pack: center;
  align-content: center;
  margin: 2rem 0;
  border: 1px solid;
  border-radius: 10px;
}

.c0 > * {
  margin: 0;
  padding: 15px 30px;
  border-right: 1px solid;
}

.c0 > *:last-child {
  border-right: 0;
}

.c0 a[aria-disabled='true'] {
  color: grey;
  pointer-events: none;
}

<Pagination
  page={1}
>
  <Query
    query={
      Object {
        "definitions": Array [
          Object {
            "directives": Array [],
            "kind": "OperationDefinition",
            "name": Object {
              "kind": "Name",
              "value": "PAGINATION_QUERY",
            },
            "operation": "query",
            "selectionSet": Object {
              "kind": "SelectionSet",
              "selections": Array [
                Object {
                  "alias": undefined,
                  "arguments": Array [],
                  "directives": Array [],
                  "kind": "Field",
                  "name": Object {
                    "kind": "Name",
                    "value": "itemsConnection",
                  },
                  "selectionSet": Object {
                    "kind": "SelectionSet",
                    "selections": Array [
                      Object {
                        "alias": undefined,
                        "arguments": Array [],
                        "directives": Array [],
                        "kind": "Field",
                        "name": Object {
                          "kind": "Name",
                          "value": "aggregate",
                        },
                        "selectionSet": Object {
                          "kind": "SelectionSet",
                          "selections": Array [
                            Object {
                              "alias": undefined,
                              "arguments": Array [],
                              "directives": Array [],
                              "kind": "Field",
                              "name": Object {
                                "kind": "Name",
                                "value": "count",
                              },
                              "selectionSet": undefined,
                            },
                          ],
                        },
                      },
                    ],
                  },
                },
              ],
            },
            "variableDefinitions": Array [],
          },
        ],
        "kind": "Document",
        "loc": Object {
          "end": 100,
          "start": 0,
        },
      }
    }
  >
    <PaginationStyles>
      <div
        className="c0"
      >
        <SideEffect(Head)>
          <Head />
        </SideEffect(Head)>
        <Link
          href={
            Object {
              "pathname": "/items",
              "query": Object {
                "page": 0,
              },
            }
          }
          prefetch={true}
        >
          <a
            aria-disabled={true}
            className="prev"
            href="/items?page=0"
            onClick={[Function]}
          >
            Prev
          </a>
        </Link>
        <p>
          Page 
          1
           of 
          3
        </p>
        <p>
          12
           items total
        </p>
        <Link
          href={
            Object {
              "pathname": "/items",
              "query": Object {
                "page": 2,
              },
            }
          }
          prefetch={true}
        >
          <a
            aria-disabled={false}
            className="next"
            href="/items?page=2"
            onClick={[Function]}
          >
            Next
          </a>
        </Link>
      </div>
    </PaginationStyles>
  </Query>
</Pagination>
`;
